** Drc report for bisque-controller.kicad_pcb **
** Created on 2026-08-11T18:33:35 **
** Report includes: Errors, Warnings, Exclusions **

** Found 62 DRC violations **
[silk_edge_clearance]: Silkscreen clipped by board edge
    Rule: board setup constraints silk; warning
    @(20.0000 mm, 120.0000 mm): Segment on Edge.Cuts
    @(22.0000 mm, 47.0000 mm): PCB text 'AUX OUT' on F.Silkscreen
[silk_edge_clearance]: Silkscreen clipped by board edge
    Rule: board setup constraints silk; warning
    @(20.0000 mm, 20.0000 mm): Segment on Edge.Cuts
    @(36.5000 mm, 20.4500 mm): Reference field of SW1
[silk_overlap]: Silkscreen clearance
    Rule: board setup constraints silk; warning
    @(22.0000 mm, 47.0000 mm): PCB text 'AUX OUT' on F.Silkscreen
    @(23.4000 mm, 36.3400 mm): Segment of J2 on F.Silkscreen
[silk_overlap]: Silkscreen clearance
    Rule: board setup constraints silk; warning
    @(22.0000 mm, 47.0000 mm): PCB text 'AUX OUT' on F.Silkscreen
    @(31.3200 mm, 46.7400 mm): Segment of J2 on F.Silkscreen
[silk_overlap]: Silkscreen clearance
    Rule: board setup constraints silk; warning
    @(22.0000 mm, 47.0000 mm): Reference field of J10
    @(31.3200 mm, 46.7400 mm): Segment of J2 on F.Silkscreen
[silk_overlap]: Silkscreen clearance
    Rule: board setup constraints silk; warning
    @(22.0000 mm, 34.0000 mm): Reference field of J2
    @(22.0000 mm, 34.0000 mm): PCB text '5V IN' on F.Silkscreen
[silk_overlap]: Silkscreen clearance
    Rule: board setup constraints silk; warning
    @(22.0000 mm, 47.0000 mm): PCB text 'AUX OUT' on F.Silkscreen
    @(21.2800 mm, 46.7400 mm): Segment of J2 on F.Silkscreen
[silk_overlap]: Silkscreen clearance
    Rule: board setup constraints silk; warning
    @(22.0000 mm, 47.0000 mm): PCB text 'AUX OUT' on F.Silkscreen
    @(22.0000 mm, 47.0000 mm): Reference field of J10
[silk_overlap]: Silkscreen clearance
    Rule: board setup constraints silk; warning
    @(21.9000 mm, 36.3400 mm): Segment of J2 on F.Silkscreen
    @(22.0000 mm, 47.0000 mm): Reference field of J10
[silk_overlap]: Silkscreen clearance
    Rule: board setup constraints silk; warning
    @(48.0000 mm, 61.0000 mm): Reference field of BZ1
    @(50.0000 mm, 61.5000 mm): PCB text 'WDT DEFEAT - REMOVE' on F.Silkscreen
[silk_overlap]: Silkscreen clearance
    Rule: board setup constraints silk; warning
    @(36.7500 mm, 43.1000 mm): Reference field of D1
    @(34.7500 mm, 42.9100 mm): Segment of U2 on F.Silkscreen
[silk_overlap]: Silkscreen clearance
    Rule: board setup constraints silk; warning
    @(31.3200 mm, 49.3400 mm): Segment of J10 on F.Silkscreen
    @(34.0000 mm, 66.0000 mm): PCB text 'AUX_VP=5V' on F.Silkscreen
[silk_overlap]: Silkscreen clearance
    Rule: board setup constraints silk; warning
    @(52.0000 mm, 59.2520 mm): Reference field of TP12
    @(52.7600 mm, 58.0600 mm): Segment of Q3 on F.Silkscreen
[silk_overlap]: Silkscreen clearance
    Rule: board setup constraints silk; warning
    @(52.7600 mm, 59.0600 mm): Segment of Q3 on F.Silkscreen
    @(52.0000 mm, 59.2520 mm): Reference field of TP12
[silk_overlap]: Silkscreen clearance
    Rule: board setup constraints silk; warning
    @(52.0000 mm, 59.2520 mm): Reference field of TP12
    @(51.2400 mm, 59.0600 mm): Segment of Q3 on F.Silkscreen
[silk_overlap]: Silkscreen clearance
    Rule: board setup constraints silk; warning
    @(94.2000 mm, 99.5500 mm): Segment of LED1 on F.Silkscreen
    @(95.2400 mm, 99.7000 mm): PCB text '3V3' on F.Silkscreen
[silk_overlap]: Silkscreen clearance
    Rule: board setup constraints silk; warning
    @(97.7800 mm, 99.7000 mm): PCB text 'GND' on F.Silkscreen
    @(94.2000 mm, 99.5500 mm): Segment of LED1 on F.Silkscreen
[silk_overlap]: Silkscreen clearance
    Rule: board setup constraints silk; warning
    @(95.2400 mm, 99.7000 mm): PCB text '3V3' on F.Silkscreen
    @(94.2000 mm, 94.0500 mm): Segment of LED1 on F.Silkscreen
[silk_overlap]: Silkscreen clearance
    Rule: board setup constraints silk; warning
    @(96.0000 mm, 88.0000 mm): Reference field of Y1
    @(95.0000 mm, 88.5700 mm): Reference field of R34
[silk_overlap]: Silkscreen clearance
    Rule: board setup constraints silk; warning
    @(62.5000 mm, 62.0000 mm): PCB text 'BISQUE KILN CONTROLLER' on F.Silkscreen
    @(50.0000 mm, 61.5000 mm): PCB text 'WDT DEFEAT - REMOVE' on F.Silkscreen
[silk_overlap]: Silkscreen clearance
    Rule: board setup constraints silk; warning
    @(40.5000 mm, 22.0000 mm): PCB text 'USB' on F.Silkscreen
    @(41.0000 mm, 22.0000 mm): Reference field of J1
[silk_overlap]: Silkscreen clearance
    Rule: board setup constraints silk; warning
    @(55.5000 mm, 23.5700 mm): Reference field of R9
    @(54.0150 mm, 23.0350 mm): Segment of LED2 on F.Silkscreen
[silk_overlap]: Silkscreen clearance
    Rule: board setup constraints silk; warning
    @(45.7627 mm, 61.5225 mm): Segment of R23 on F.Silkscreen
    @(50.0000 mm, 61.5000 mm): PCB text 'WDT DEFEAT - REMOVE' on F.Silkscreen
[silk_overlap]: Silkscreen clearance
    Rule: board setup constraints silk; warning
    @(36.5000 mm, 20.9000 mm): PCB text 'RESET' on F.Silkscreen
    @(36.5000 mm, 20.4500 mm): Reference field of SW1
[silk_overlap]: Silkscreen clearance
    Rule: board setup constraints silk; warning
    @(35.2000 mm, 26.9500 mm): Segment of SW1 on F.Silkscreen
    @(36.5000 mm, 27.1520 mm): Reference field of TP2
[silk_overlap]: Silkscreen clearance
    Rule: board setup constraints silk; warning
    @(82.5400 mm, 99.7000 mm): PCB text 'GND' on F.Silkscreen
    @(82.9600 mm, 99.4850 mm): Segment of J14 on F.Silkscreen
[silk_overlap]: Silkscreen clearance
    Rule: board setup constraints silk; warning
    @(85.0800 mm, 99.7000 mm): PCB text 'TX' on F.Silkscreen
    @(82.9600 mm, 99.4850 mm): Segment of J14 on F.Silkscreen
[silk_overlap]: Silkscreen clearance
    Rule: board setup constraints silk; warning
    @(62.6000 mm, 108.8000 mm): PCB text 'INPUTS  1 / 2 / 3 / GND' on F.Silkscreen
    @(61.3400 mm, 108.6800 mm): Segment of J11 on F.Silkscreen
[silk_overlap]: Silkscreen clearance
    Rule: board setup constraints silk; warning
    @(62.6000 mm, 108.8000 mm): PCB text 'INPUTS  1 / 2 / 3 / GND' on F.Silkscreen
    @(61.3400 mm, 118.7200 mm): Segment of J11 on F.Silkscreen
[silk_overlap]: Silkscreen clearance
    Rule: board setup constraints silk; warning
    @(60.6200 mm, 100.9700 mm): Rectangle of J6 on F.Silkscreen
    @(62.6000 mm, 107.0000 mm): Reference field of J11
[silk_overlap]: Silkscreen clearance
    Rule: board setup constraints silk; warning
    @(62.6000 mm, 108.8000 mm): PCB text 'INPUTS  1 / 2 / 3 / GND' on F.Silkscreen
    @(55.0000 mm, 109.5700 mm): Reference field of R27
[silk_overlap]: Silkscreen clearance
    Rule: board setup constraints silk; warning
    @(62.0000 mm, 106.9900 mm): Segment of J6 on F.Silkscreen
    @(62.6000 mm, 107.0000 mm): Reference field of J11
[silk_overlap]: Silkscreen clearance
    Rule: board setup constraints silk; warning
    @(62.2500 mm, 106.9900 mm): Segment of J6 on F.Silkscreen
    @(62.6000 mm, 107.0000 mm): Reference field of J11
[silk_overlap]: Silkscreen clearance
    Rule: board setup constraints silk; warning
    @(80.0000 mm, 99.7000 mm): PCB text '3V3' on F.Silkscreen
    @(78.6000 mm, 99.6000 mm): Reference field of J7
[silk_overlap]: Silkscreen clearance
    Rule: board setup constraints silk; warning
    @(84.0000 mm, 93.6000 mm): PCB text 'STATUS' on F.Silkscreen
    @(82.8400 mm, 95.0150 mm): Segment of J14 on F.Silkscreen
[silk_overlap]: Silkscreen clearance
    Rule: board setup constraints silk; warning
    @(84.0000 mm, 93.6000 mm): PCB text 'STATUS' on F.Silkscreen
    @(84.9000 mm, 92.8200 mm): Reference field of J14
[silk_overlap]: Silkscreen clearance
    Rule: board setup constraints silk; warning
    @(100.0000 mm, 20.9000 mm): PCB text 'BOOT' on F.Silkscreen
    @(100.0000 mm, 21.2500 mm): Reference field of SW2
[silk_overlap]: Silkscreen clearance
    Rule: board setup constraints silk; warning
    @(22.0000 mm, 83.0000 mm): PCB text 'SSR2' on F.Silkscreen
    @(31.3200 mm, 83.2400 mm): Segment of J4 on F.Silkscreen
[silk_overlap]: Silkscreen clearance
    Rule: board setup constraints silk; warning
    @(22.0000 mm, 83.0000 mm): Reference field of J9
    @(22.0000 mm, 83.0000 mm): PCB text 'SSR2' on F.Silkscreen
[silk_overlap]: Silkscreen clearance
    Rule: board setup constraints silk; warning
    @(21.9000 mm, 72.8400 mm): Segment of J4 on F.Silkscreen
    @(22.0000 mm, 83.0000 mm): PCB text 'SSR2' on F.Silkscreen
[silk_overlap]: Silkscreen clearance
    Rule: board setup constraints silk; warning
    @(22.0000 mm, 83.0000 mm): PCB text 'SSR2' on F.Silkscreen
    @(21.2800 mm, 83.2400 mm): Segment of J4 on F.Silkscreen
[silk_overlap]: Silkscreen clearance
    Rule: board setup constraints silk; warning
    @(31.3200 mm, 69.9000 mm): Segment of J10 on F.Silkscreen
    @(22.0000 mm, 70.5000 mm): PCB text 'SSR1' on F.Silkscreen
[silk_overlap]: Silkscreen clearance
    Rule: board setup constraints silk; warning
    @(31.3200 mm, 69.9000 mm): Segment of J10 on F.Silkscreen
    @(22.0000 mm, 70.5000 mm): Reference field of J4
[silk_overlap]: Silkscreen clearance
    Rule: board setup constraints silk; warning
    @(22.0000 mm, 70.5000 mm): Reference field of J4
    @(22.0000 mm, 70.5000 mm): PCB text 'SSR1' on F.Silkscreen
[silk_overlap]: Silkscreen clearance
    Rule: board setup constraints silk; warning
    @(22.0000 mm, 83.0000 mm): Reference field of J9
    @(31.3200 mm, 83.2400 mm): Segment of J4 on F.Silkscreen
[silk_overlap]: Silkscreen clearance
    Rule: board setup constraints silk; warning
    @(21.9000 mm, 72.8400 mm): Segment of J4 on F.Silkscreen
    @(22.0000 mm, 83.0000 mm): Reference field of J9
[silk_overlap]: Silkscreen clearance
    Rule: board setup constraints silk; warning
    @(22.0000 mm, 83.0000 mm): PCB text 'SSR2' on F.Silkscreen
    @(23.4000 mm, 72.8400 mm): Segment of J4 on F.Silkscreen
[silk_overlap]: Silkscreen clearance
    Rule: board setup constraints silk; warning
    @(62.5000 mm, 62.0000 mm): PCB text 'BISQUE KILN CONTROLLER' on F.Silkscreen
    @(48.0000 mm, 61.0000 mm): Reference field of BZ1
[silk_overlap]: Silkscreen clearance
    Rule: board setup constraints silk; warning
    @(62.5000 mm, 62.0000 mm): PCB text 'BISQUE KILN CONTROLLER' on F.Silkscreen
    @(52.0000 mm, 60.7000 mm): Circle of TP12 on F.Silkscreen
[silk_overlap]: Silkscreen clearance
    Rule: board setup constraints silk; warning
    @(62.5000 mm, 65.5000 mm): PCB text 'REV B' on F.Silkscreen
    @(62.6400 mm, 65.0000 mm): Segment of D4 on F.Silkscreen
[silk_overlap]: Silkscreen clearance
    Rule: board setup constraints silk; warning
    @(62.5000 mm, 65.5000 mm): PCB text 'REV B' on F.Silkscreen
    @(62.6400 mm, 65.0000 mm): Segment of D4 on F.Silkscreen
[silk_over_copper]: Silkscreen clipped by solder mask
    Local override; warning
    @(50.0000 mm, 61.5000 mm): PCB text 'WDT DEFEAT - REMOVE' on F.Silkscreen
    @(45.1750 mm, 61.0000 mm): Pad 1 [AUX1] of R23 on F.Cu
[silk_over_copper]: Silkscreen clipped by solder mask
    Local override; warning
    @(50.0000 mm, 61.5000 mm): PCB text 'WDT DEFEAT - REMOVE' on F.Silkscreen
    @(46.8250 mm, 61.0000 mm): Pad 2 [GND] of R23 on F.Cu
[silk_over_copper]: Silkscreen clipped by solder mask
    Local override; warning
    @(48.0000 mm, 61.0000 mm): Reference field of BZ1
    @(46.8250 mm, 61.0000 mm): Pad 2 [GND] of R23 on F.Cu
[silk_over_copper]: Silkscreen clipped by solder mask
    Local override; warning
    @(122.0000 mm, 72.0000 mm): PCB text 'CT A+/A-/B+/B-' on F.Silkscreen
    @(118.9375 mm, 71.2000 mm): Pad 2 [ADE_CLKOUT] of Y1 on F.Cu
[silk_over_copper]: Silkscreen clipped by solder mask
    Local override; warning
    @(62.0000 mm, 22.3000 mm): PCB text 'U.FL ANT ->' on F.Silkscreen
    @(58.6000 mm, 23.0250 mm): Pad 2 [GND] of C7 on F.Cu
[silk_over_copper]: Silkscreen clipped by solder mask
    Local override; warning
    @(40.5000 mm, 22.0000 mm): PCB text 'USB' on F.Silkscreen
    @(39.5000 mm, 22.3250 mm): Pad 1 [EN] of SW1 on F.Cu
[silk_over_copper]: Silkscreen clipped by solder mask
    Local override; warning
    @(82.5400 mm, 99.7000 mm): PCB text 'GND' on F.Silkscreen
    @(82.1000 mm, 98.6750 mm): Pad MP [<no net>] of J14 on F.Cu
[silk_over_copper]: Silkscreen clipped by solder mask
    Local override; warning
    @(87.6200 mm, 99.7000 mm): PCB text 'RX' on F.Silkscreen
    @(87.7000 mm, 98.6750 mm): Pad MP [<no net>] of J14 on F.Cu
[silk_over_copper]: Silkscreen clipped by solder mask
    Local override; warning
    @(84.0000 mm, 93.6000 mm): PCB text 'STATUS' on F.Silkscreen
    @(83.4000 mm, 94.8000 mm): Pad 1 [GND] of J14 on F.Cu
[silk_over_copper]: Silkscreen clipped by solder mask
    Local override; warning
    @(84.0000 mm, 93.6000 mm): PCB text 'STATUS' on F.Silkscreen
    @(84.4000 mm, 94.8000 mm): Pad 2 [+3V3] of J14 on F.Cu
[silk_over_copper]: Silkscreen clipped by solder mask
    Local override; warning
    @(84.0000 mm, 93.6000 mm): PCB text 'STATUS' on F.Silkscreen
    @(85.4000 mm, 94.8000 mm): Pad 3 [I2C_SDA] of J14 on F.Cu

** Found 0 unconnected pads **

** Found 0 Footprint errors **

** Ignored checks **
    - Footprint has no courtyard defined
    - Track endpoint not centered on via
    - Tuning profile track geometries
    - Footprint doesn't match symbol's footprint filters
    - Footprint component type doesn't match footprint pads

** End of Report **
