** Drc report for bisque-controller.kicad_pcb **
** Created on 2026-08-11T18:43:04 **
** Report includes: Errors, Warnings, Exclusions **

** Found 92 DRC violations **
[silk_edge_clearance]: Silkscreen clipped by board edge
    Rule: board setup constraints silk; warning
    @(20.0000 mm, 120.0000 mm): Segment on Edge.Cuts
    @(22.0000 mm, 47.0000 mm): PCB text 'AUX OUT' on F.Silkscreen
[silk_edge_clearance]: Silkscreen clipped by board edge
    Rule: board setup constraints silk; warning
    @(20.0000 mm, 20.0000 mm): Segment on Edge.Cuts
    @(36.5000 mm, 20.4500 mm): Reference field of SW1
[silk_overlap]: Silkscreen clearance
    Rule: board setup constraints silk; warning
    @(89.5500 mm, 100.1000 mm): Segment of LED1 on F.Silkscreen
    @(95.2400 mm, 99.7000 mm): PCB text '3V3' on F.Silkscreen
[silk_overlap]: Silkscreen clearance
    Rule: board setup constraints silk; warning
    @(95.2400 mm, 99.7000 mm): PCB text '3V3' on F.Silkscreen
    @(96.1000 mm, 100.1000 mm): Segment of LED1 on F.Silkscreen
[silk_overlap]: Silkscreen clearance
    Rule: board setup constraints silk; warning
    @(92.7000 mm, 99.7000 mm): PCB text 'SCL' on F.Silkscreen
    @(89.5500 mm, 100.1000 mm): Segment of LED1 on F.Silkscreen
[silk_overlap]: Silkscreen clearance
    Rule: board setup constraints silk; warning
    @(86.7150 mm, 93.8600 mm): Segment of Y1 on F.Silkscreen
    @(100.5000 mm, 94.3000 mm): Reference field of D3
[silk_overlap]: Silkscreen clearance
    Rule: board setup constraints silk; warning
    @(89.5500 mm, 100.1000 mm): Segment of LED1 on F.Silkscreen
    @(90.1600 mm, 99.7000 mm): PCB text 'SDA' on F.Silkscreen
[silk_overlap]: Silkscreen clearance
    Rule: board setup constraints silk; warning
    @(100.0000 mm, 76.0000 mm): PCB text 'AC SENSE - DNP' on F.Silkscreen
    @(96.0000 mm, 76.0000 mm): PCB text 'CT A+/A-/B+/B-' on F.Silkscreen
[silk_overlap]: Silkscreen clearance
    Rule: board setup constraints silk; warning
    @(98.5000 mm, 76.9200 mm): Reference field of J13
    @(96.0000 mm, 76.0000 mm): PCB text 'CT A+/A-/B+/B-' on F.Silkscreen
[silk_overlap]: Silkscreen clearance
    Rule: board setup constraints silk; warning
    @(104.6594 mm, 75.6900 mm): Segment of C36 on F.Silkscreen
    @(100.0000 mm, 76.0000 mm): PCB text 'AC SENSE - DNP' on F.Silkscreen
[silk_overlap]: Silkscreen clearance
    Rule: board setup constraints silk; warning
    @(104.8000 mm, 74.7700 mm): Reference field of C36
    @(104.6594 mm, 74.5100 mm): Segment of C35 on F.Silkscreen
[silk_overlap]: Silkscreen clearance
    Rule: board setup constraints silk; warning
    @(80.0000 mm, 99.7000 mm): PCB text '3V3' on F.Silkscreen
    @(79.8100 mm, 99.4850 mm): Segment of J14 on F.Silkscreen
[silk_overlap]: Silkscreen clearance
    Rule: board setup constraints silk; warning
    @(79.8100 mm, 99.4850 mm): Segment of J14 on F.Silkscreen
    @(82.5400 mm, 99.7000 mm): PCB text 'GND' on F.Silkscreen
[silk_overlap]: Silkscreen clearance
    Rule: board setup constraints silk; warning
    @(89.5500 mm, 94.6000 mm): Segment of LED1 on F.Silkscreen
    @(90.1600 mm, 99.7000 mm): PCB text 'SDA' on F.Silkscreen
[silk_overlap]: Silkscreen clearance
    Rule: board setup constraints silk; warning
    @(84.0000 mm, 93.6000 mm): PCB text 'STATUS' on F.Silkscreen
    @(81.7500 mm, 92.8200 mm): Reference field of J14
[silk_overlap]: Silkscreen clearance
    Rule: board setup constraints silk; warning
    @(98.0000 mm, 83.4200 mm): Reference field of R33
    @(97.1200 mm, 80.5700 mm): Segment of J13 on F.Silkscreen
[silk_overlap]: Silkscreen clearance
    Rule: board setup constraints silk; warning
    @(98.0000 mm, 83.4200 mm): Reference field of R33
    @(97.1200 mm, 83.2200 mm): Segment of J13 on F.Silkscreen
[silk_overlap]: Silkscreen clearance
    Rule: board setup constraints silk; warning
    @(93.0500 mm, 93.8500 mm): Reference field of LED1
    @(86.7150 mm, 93.8600 mm): Segment of Y1 on F.Silkscreen
[silk_overlap]: Silkscreen clearance
    Rule: board setup constraints silk; warning
    @(89.0000 mm, 88.5800 mm): Reference field of R35
    @(102.8100 mm, 88.6400 mm): Segment of Y1 on F.Silkscreen
[silk_overlap]: Silkscreen clearance
    Rule: board setup constraints silk; warning
    @(97.7627 mm, 85.3725 mm): Segment of R33 on F.Silkscreen
    @(98.0000 mm, 85.7200 mm): Reference field of R36
[silk_overlap]: Silkscreen clearance
    Rule: board setup constraints silk; warning
    @(45.7627 mm, 61.5225 mm): Segment of R23 on F.Silkscreen
    @(50.0000 mm, 61.5000 mm): PCB text 'WDT DEFEAT - REMOVE' on F.Silkscreen
[silk_overlap]: Silkscreen clearance
    Rule: board setup constraints silk; warning
    @(62.5000 mm, 62.0000 mm): PCB text 'BISQUE KILN CONTROLLER' on F.Silkscreen
    @(50.0000 mm, 61.5000 mm): PCB text 'WDT DEFEAT - REMOVE' on F.Silkscreen
[silk_overlap]: Silkscreen clearance
    Rule: board setup constraints silk; warning
    @(62.5000 mm, 62.0000 mm): PCB text 'BISQUE KILN CONTROLLER' on F.Silkscreen
    @(48.0000 mm, 61.0000 mm): Reference field of BZ1
[silk_overlap]: Silkscreen clearance
    Rule: board setup constraints silk; warning
    @(48.0000 mm, 61.0000 mm): Reference field of BZ1
    @(50.0000 mm, 61.5000 mm): PCB text 'WDT DEFEAT - REMOVE' on F.Silkscreen
[silk_overlap]: Silkscreen clearance
    Rule: board setup constraints silk; warning
    @(52.0000 mm, 59.2520 mm): Reference field of TP12
    @(51.2400 mm, 59.0600 mm): Segment of Q3 on F.Silkscreen
[silk_overlap]: Silkscreen clearance
    Rule: board setup constraints silk; warning
    @(21.9000 mm, 72.8400 mm): Segment of J4 on F.Silkscreen
    @(22.0000 mm, 83.0000 mm): PCB text 'SSR2' on F.Silkscreen
[silk_overlap]: Silkscreen clearance
    Rule: board setup constraints silk; warning
    @(22.0000 mm, 83.0000 mm): PCB text 'SSR2' on F.Silkscreen
    @(31.3200 mm, 83.2400 mm): Segment of J4 on F.Silkscreen
[silk_overlap]: Silkscreen clearance
    Rule: board setup constraints silk; warning
    @(22.0000 mm, 83.0000 mm): Reference field of J9
    @(22.0000 mm, 83.0000 mm): PCB text 'SSR2' on F.Silkscreen
[silk_overlap]: Silkscreen clearance
    Rule: board setup constraints silk; warning
    @(22.0000 mm, 83.0000 mm): PCB text 'SSR2' on F.Silkscreen
    @(21.2800 mm, 83.2400 mm): Segment of J4 on F.Silkscreen
[silk_overlap]: Silkscreen clearance
    Rule: board setup constraints silk; warning
    @(31.3200 mm, 49.3400 mm): Segment of J10 on F.Silkscreen
    @(34.0000 mm, 66.0000 mm): PCB text 'AUX_VP=5V' on F.Silkscreen
[silk_overlap]: Silkscreen clearance
    Rule: board setup constraints silk; warning
    @(31.3200 mm, 69.9000 mm): Segment of J10 on F.Silkscreen
    @(22.0000 mm, 70.5000 mm): PCB text 'SSR1' on F.Silkscreen
[silk_overlap]: Silkscreen clearance
    Rule: board setup constraints silk; warning
    @(22.0000 mm, 70.5000 mm): Reference field of J4
    @(22.0000 mm, 70.5000 mm): PCB text 'SSR1' on F.Silkscreen
[silk_overlap]: Silkscreen clearance
    Rule: board setup constraints silk; warning
    @(31.3200 mm, 69.9000 mm): Segment of J10 on F.Silkscreen
    @(22.0000 mm, 70.5000 mm): Reference field of J4
[silk_overlap]: Silkscreen clearance
    Rule: board setup constraints silk; warning
    @(22.0000 mm, 83.0000 mm): Reference field of J9
    @(31.3200 mm, 83.2400 mm): Segment of J4 on F.Silkscreen
[silk_overlap]: Silkscreen clearance
    Rule: board setup constraints silk; warning
    @(21.9000 mm, 72.8400 mm): Segment of J4 on F.Silkscreen
    @(22.0000 mm, 83.0000 mm): Reference field of J9
[silk_overlap]: Silkscreen clearance
    Rule: board setup constraints silk; warning
    @(22.0000 mm, 83.0000 mm): PCB text 'SSR2' on F.Silkscreen
    @(23.4000 mm, 72.8400 mm): Segment of J4 on F.Silkscreen
[silk_overlap]: Silkscreen clearance
    Rule: board setup constraints silk; warning
    @(62.5000 mm, 62.0000 mm): PCB text 'BISQUE KILN CONTROLLER' on F.Silkscreen
    @(52.0000 mm, 60.7000 mm): Circle of TP12 on F.Silkscreen
[silk_overlap]: Silkscreen clearance
    Rule: board setup constraints silk; warning
    @(102.6500 mm, 49.5700 mm): Reference field of C20
    @(102.6500 mm, 48.9300 mm): Reference field of R16
[silk_overlap]: Silkscreen clearance
    Rule: board setup constraints silk; warning
    @(106.1000 mm, 48.9300 mm): Reference field of R17
    @(106.1000 mm, 49.5700 mm): Reference field of C21
[silk_overlap]: Silkscreen clearance
    Rule: board setup constraints silk; warning
    @(104.8000 mm, 70.3700 mm): Reference field of C28
    @(104.6594 mm, 70.1100 mm): Segment of C27 on F.Silkscreen
[silk_overlap]: Silkscreen clearance
    Rule: board setup constraints silk; warning
    @(104.6594 mm, 72.3100 mm): Segment of C28 on F.Silkscreen
    @(104.8000 mm, 72.5700 mm): Reference field of C35
[silk_overlap]: Silkscreen clearance
    Rule: board setup constraints silk; warning
    @(108.6800 mm, 45.2600 mm): Segment of J8 on F.Silkscreen
    @(110.0000 mm, 45.0000 mm): Reference field of J8
[silk_overlap]: Silkscreen clearance
    Rule: board setup constraints silk; warning
    @(104.0000 mm, 58.5000 mm): PCB text 'TC2  K+/K-' on F.Silkscreen
    @(102.6500 mm, 58.5700 mm): Reference field of R37
[silk_overlap]: Silkscreen clearance
    Rule: board setup constraints silk; warning
    @(104.0000 mm, 58.5000 mm): PCB text 'TC2  K+/K-' on F.Silkscreen
    @(99.0000 mm, 58.5700 mm): Reference field of C37
[silk_overlap]: Silkscreen clearance
    Rule: board setup constraints silk; warning
    @(104.0000 mm, 58.5000 mm): PCB text 'TC2  K+/K-' on F.Silkscreen
    @(106.1000 mm, 58.5700 mm): Reference field of R38
[silk_overlap]: Silkscreen clearance
    Rule: board setup constraints silk; warning
    @(110.0000 mm, 33.0000 mm): Reference field of J3
    @(108.6800 mm, 33.2600 mm): Segment of J3 on F.Silkscreen
[silk_overlap]: Silkscreen clearance
    Rule: board setup constraints silk; warning
    @(100.0000 mm, 20.9000 mm): PCB text 'BOOT' on F.Silkscreen
    @(100.0000 mm, 21.2500 mm): Reference field of SW2
[silk_overlap]: Silkscreen clearance
    Rule: board setup constraints silk; warning
    @(62.5000 mm, 65.5000 mm): PCB text 'REV B' on F.Silkscreen
    @(62.6400 mm, 65.0000 mm): Segment of D4 on F.Silkscreen
[silk_overlap]: Silkscreen clearance
    Rule: board setup constraints silk; warning
    @(62.5000 mm, 65.5000 mm): PCB text 'REV B' on F.Silkscreen
    @(62.6400 mm, 65.0000 mm): Segment of D4 on F.Silkscreen
[silk_overlap]: Silkscreen clearance
    Rule: board setup constraints silk; warning
    @(55.5000 mm, 23.5700 mm): Reference field of R9
    @(54.0150 mm, 23.0350 mm): Segment of LED2 on F.Silkscreen
[silk_overlap]: Silkscreen clearance
    Rule: board setup constraints silk; warning
    @(52.0000 mm, 59.2520 mm): Reference field of TP12
    @(52.7600 mm, 58.0600 mm): Segment of Q3 on F.Silkscreen
[silk_overlap]: Silkscreen clearance
    Rule: board setup constraints silk; warning
    @(80.0000 mm, 99.7000 mm): PCB text '3V3' on F.Silkscreen
    @(78.6000 mm, 99.6000 mm): Reference field of J7
[silk_overlap]: Silkscreen clearance
    Rule: board setup constraints silk; warning
    @(62.6000 mm, 108.8000 mm): PCB text 'INPUTS  1 / 2 / 3 / GND' on F.Silkscreen
    @(61.3400 mm, 108.6800 mm): Segment of J11 on F.Silkscreen
[silk_overlap]: Silkscreen clearance
    Rule: board setup constraints silk; warning
    @(62.6000 mm, 108.8000 mm): PCB text 'INPUTS  1 / 2 / 3 / GND' on F.Silkscreen
    @(61.3400 mm, 118.7200 mm): Segment of J11 on F.Silkscreen
[silk_overlap]: Silkscreen clearance
    Rule: board setup constraints silk; warning
    @(60.6200 mm, 100.9700 mm): Rectangle of J6 on F.Silkscreen
    @(62.6000 mm, 107.0000 mm): Reference field of J11
[silk_overlap]: Silkscreen clearance
    Rule: board setup constraints silk; warning
    @(62.6000 mm, 108.8000 mm): PCB text 'INPUTS  1 / 2 / 3 / GND' on F.Silkscreen
    @(55.0000 mm, 109.5700 mm): Reference field of R27
[silk_overlap]: Silkscreen clearance
    Rule: board setup constraints silk; warning
    @(62.0000 mm, 106.9900 mm): Segment of J6 on F.Silkscreen
    @(62.6000 mm, 107.0000 mm): Reference field of J11
[silk_overlap]: Silkscreen clearance
    Rule: board setup constraints silk; warning
    @(62.2500 mm, 106.9900 mm): Segment of J6 on F.Silkscreen
    @(62.6000 mm, 107.0000 mm): Reference field of J11
[silk_overlap]: Silkscreen clearance
    Rule: board setup constraints silk; warning
    @(22.0000 mm, 47.0000 mm): PCB text 'AUX OUT' on F.Silkscreen
    @(31.3200 mm, 46.7400 mm): Segment of J2 on F.Silkscreen
[silk_overlap]: Silkscreen clearance
    Rule: board setup constraints silk; warning
    @(22.0000 mm, 47.0000 mm): PCB text 'AUX OUT' on F.Silkscreen
    @(23.4000 mm, 36.3400 mm): Segment of J2 on F.Silkscreen
[silk_overlap]: Silkscreen clearance
    Rule: board setup constraints silk; warning
    @(22.0000 mm, 47.0000 mm): Reference field of J10
    @(31.3200 mm, 46.7400 mm): Segment of J2 on F.Silkscreen
[silk_overlap]: Silkscreen clearance
    Rule: board setup constraints silk; warning
    @(22.0000 mm, 34.0000 mm): Reference field of J2
    @(22.0000 mm, 34.0000 mm): PCB text '5V IN' on F.Silkscreen
[silk_overlap]: Silkscreen clearance
    Rule: board setup constraints silk; warning
    @(22.0000 mm, 47.0000 mm): PCB text 'AUX OUT' on F.Silkscreen
    @(21.2800 mm, 46.7400 mm): Segment of J2 on F.Silkscreen
[silk_overlap]: Silkscreen clearance
    Rule: board setup constraints silk; warning
    @(22.0000 mm, 47.0000 mm): PCB text 'AUX OUT' on F.Silkscreen
    @(22.0000 mm, 47.0000 mm): Reference field of J10
[silk_overlap]: Silkscreen clearance
    Rule: board setup constraints silk; warning
    @(21.9000 mm, 36.3400 mm): Segment of J2 on F.Silkscreen
    @(22.0000 mm, 47.0000 mm): Reference field of J10
[silk_overlap]: Silkscreen clearance
    Rule: board setup constraints silk; warning
    @(36.5000 mm, 20.9000 mm): PCB text 'RESET' on F.Silkscreen
    @(36.5000 mm, 20.4500 mm): Reference field of SW1
[silk_overlap]: Silkscreen clearance
    Rule: board setup constraints silk; warning
    @(40.5000 mm, 22.0000 mm): PCB text 'USB' on F.Silkscreen
    @(41.0000 mm, 22.0000 mm): Reference field of J1
[silk_overlap]: Silkscreen clearance
    Rule: board setup constraints silk; warning
    @(52.7600 mm, 59.0600 mm): Segment of Q3 on F.Silkscreen
    @(52.0000 mm, 59.2520 mm): Reference field of TP12
[silk_overlap]: Silkscreen clearance
    Rule: board setup constraints silk; warning
    @(36.7500 mm, 43.1000 mm): Reference field of D1
    @(34.7500 mm, 42.9100 mm): Segment of U2 on F.Silkscreen
[silk_overlap]: Silkscreen clearance
    Rule: board setup constraints silk; warning
    @(35.2000 mm, 26.9500 mm): Segment of SW1 on F.Silkscreen
    @(36.5000 mm, 27.1520 mm): Reference field of TP2
[silk_over_copper]: Silkscreen clipped by solder mask
    Local override; warning
    @(95.2400 mm, 99.7000 mm): PCB text '3V3' on F.Silkscreen
    @(95.5000 mm, 99.0000 mm): Pad 3 [GND] of LED1 on F.Cu
[silk_over_copper]: Silkscreen clipped by solder mask
    Local override; warning
    @(100.0000 mm, 76.0000 mm): PCB text 'AC SENSE - DNP' on F.Silkscreen
    @(104.0250 mm, 76.2000 mm): Pad 1 [+3V3] of C36 on F.Cu
[silk_over_copper]: Silkscreen clipped by solder mask
    Local override; warning
    @(100.0000 mm, 76.0000 mm): PCB text 'AC SENSE - DNP' on F.Silkscreen
    @(105.5750 mm, 76.2000 mm): Pad 2 [GND] of C36 on F.Cu
[silk_over_copper]: Silkscreen clipped by solder mask
    Local override; warning
    @(104.8000 mm, 74.7700 mm): Reference field of C36
    @(104.0250 mm, 74.0000 mm): Pad 1 [+3V3] of C35 on F.Cu
[silk_over_copper]: Silkscreen clipped by solder mask
    Local override; warning
    @(104.8000 mm, 74.7700 mm): Reference field of C36
    @(105.5750 mm, 74.0000 mm): Pad 2 [GND] of C35 on F.Cu
[silk_over_copper]: Silkscreen clipped by solder mask
    Local override; warning
    @(90.1600 mm, 99.7000 mm): PCB text 'SDA' on F.Silkscreen
    @(90.6000 mm, 99.0000 mm): Pad 2 [<no net>] of LED1 on F.Cu
[silk_over_copper]: Silkscreen clipped by solder mask
    Local override; warning
    @(84.0000 mm, 93.6000 mm): PCB text 'STATUS' on F.Silkscreen
    @(82.2500 mm, 94.8000 mm): Pad 3 [I2C_SDA] of J14 on F.Cu
[silk_over_copper]: Silkscreen clipped by solder mask
    Local override; warning
    @(84.0000 mm, 93.6000 mm): PCB text 'STATUS' on F.Silkscreen
    @(83.2500 mm, 94.8000 mm): Pad 4 [I2C_SCL] of J14 on F.Cu
[silk_over_copper]: Silkscreen clipped by solder mask
    Local override; warning
    @(85.0800 mm, 99.7000 mm): PCB text 'TX' on F.Silkscreen
    @(84.5500 mm, 98.6750 mm): Pad MP [<no net>] of J14 on F.Cu
[silk_over_copper]: Silkscreen clipped by solder mask
    Local override; warning
    @(98.0000 mm, 85.7200 mm): Reference field of R36
    @(98.8250 mm, 84.8500 mm): Pad 2 [GND] of R33 on F.Cu
[silk_over_copper]: Silkscreen clipped by solder mask
    Local override; warning
    @(98.0000 mm, 85.7200 mm): Reference field of R36
    @(97.1750 mm, 84.8500 mm): Pad 1 [CTA_N] of R33 on F.Cu
[silk_over_copper]: Silkscreen clipped by solder mask
    Local override; warning
    @(50.0000 mm, 61.5000 mm): PCB text 'WDT DEFEAT - REMOVE' on F.Silkscreen
    @(45.1750 mm, 61.0000 mm): Pad 1 [AUX1] of R23 on F.Cu
[silk_over_copper]: Silkscreen clipped by solder mask
    Local override; warning
    @(50.0000 mm, 61.5000 mm): PCB text 'WDT DEFEAT - REMOVE' on F.Silkscreen
    @(46.8250 mm, 61.0000 mm): Pad 2 [GND] of R23 on F.Cu
[silk_over_copper]: Silkscreen clipped by solder mask
    Local override; warning
    @(48.0000 mm, 61.0000 mm): Reference field of BZ1
    @(46.8250 mm, 61.0000 mm): Pad 2 [GND] of R23 on F.Cu
[silk_over_copper]: Silkscreen clipped by solder mask
    Local override; warning
    @(104.8000 mm, 70.3700 mm): Reference field of C28
    @(105.5750 mm, 69.6000 mm): Pad 2 [GND] of C27 on F.Cu
[silk_over_copper]: Silkscreen clipped by solder mask
    Local override; warning
    @(104.8000 mm, 70.3700 mm): Reference field of C28
    @(104.0250 mm, 69.6000 mm): Pad 1 [ADE_VINTA] of C27 on F.Cu
[silk_over_copper]: Silkscreen clipped by solder mask
    Local override; warning
    @(104.8000 mm, 72.5700 mm): Reference field of C35
    @(104.0250 mm, 71.8000 mm): Pad 1 [ADE_VINTA] of C28 on F.Cu
[silk_over_copper]: Silkscreen clipped by solder mask
    Local override; warning
    @(104.8000 mm, 72.5700 mm): Reference field of C35
    @(105.5750 mm, 71.8000 mm): Pad 2 [GND] of C28 on F.Cu
[silk_over_copper]: Silkscreen clipped by solder mask
    Local override; warning
    @(62.0000 mm, 22.3000 mm): PCB text 'U.FL ANT ->' on F.Silkscreen
    @(58.6000 mm, 23.0250 mm): Pad 2 [GND] of C7 on F.Cu
[silk_over_copper]: Silkscreen clipped by solder mask
    Local override; warning
    @(80.0000 mm, 99.7000 mm): PCB text '3V3' on F.Silkscreen
    @(78.9500 mm, 98.6750 mm): Pad MP [<no net>] of J14 on F.Cu
[silk_over_copper]: Silkscreen clipped by solder mask
    Local override; warning
    @(78.6000 mm, 99.6000 mm): Reference field of J7
    @(78.9500 mm, 98.6750 mm): Pad MP [<no net>] of J14 on F.Cu
[silk_over_copper]: Silkscreen clipped by solder mask
    Local override; warning
    @(40.5000 mm, 22.0000 mm): PCB text 'USB' on F.Silkscreen
    @(39.5000 mm, 22.3250 mm): Pad 1 [EN] of SW1 on F.Cu

** Found 0 unconnected pads **

** Found 0 Footprint errors **

** Ignored checks **
    - Footprint has no courtyard defined
    - Track endpoint not centered on via
    - Tuning profile track geometries
    - Footprint doesn't match symbol's footprint filters
    - Footprint component type doesn't match footprint pads

** End of Report **
